------------------------------------------------------------
Timing Analyzer Summary
------------------------------------------------------------

Type  : Setup 'clocks|iopll_0_outclk0'
Slack : -0.120
TNS   : -0.870
Corner: Slow vid2 100C Model

Type  : Setup 'inst_ddr4|emif_fm_0_core_usr_clk'
Slack : 0.467
TNS   : 0.000
Corner: Slow vid2 100C Model

Type  : Setup 'inst_ddr4|emif_fm_0_phy_clk_l_0'
Slack : 1.140
TNS   : 0.000
Corner: Slow vid2 100C Model

Type  : Setup 'inst_ddr4|emif_fm_0_phy_clk_0'
Slack : 3.485
TNS   : 0.000
Corner: Slow vid2 100C Model

Type  : Hold 'inst_ddr4|emif_fm_0_core_usr_clk'
Slack : 0.002
TNS   : 0.000
Corner: Slow vid2 100C Model

Type  : Hold 'clocks|iopll_0_outclk0'
Slack : 0.006
TNS   : 0.000
Corner: Fast vid2 100C Model

Type  : Hold 'inst_ddr4|emif_fm_0_phy_clk_l_0'
Slack : 0.214
TNS   : 0.000
Corner: Fast vid2a 0C Model

Type  : Hold 'inst_ddr4|emif_fm_0_phy_clk_0'
Slack : 0.331
TNS   : 0.000
Corner: Fast vid2a 0C Model

Type  : Recovery 'inst_ddr4|emif_fm_0_core_usr_clk'
Slack : 0.491
TNS   : 0.000
Corner: Slow vid2 100C Model

Type  : Recovery 'clocks|iopll_0_outclk0'
Slack : 0.874
TNS   : 0.000
Corner: Slow vid2b 100C Model

Type  : Removal 'clocks|iopll_0_outclk0'
Slack : 0.826
TNS   : 0.000
Corner: Fast vid2a 0C Model

Type  : Removal 'inst_ddr4|emif_fm_0_core_usr_clk'
Slack : 1.393
TNS   : 0.000
Corner: Fast vid2a 0C Model

Type  : Minimum Pulse Width 'inst_ddr4|emif_fm_0_vco_clk'
Slack : 0.132
TNS   : 0.000
Corner: Slow vid2 100C Model

Type  : Minimum Pulse Width 'inst_ddr4|emif_fm_0_vco_clk_1'
Slack : 0.132
TNS   : 0.000
Corner: Slow vid2 100C Model

Type  : Minimum Pulse Width 'inst_ddr4|emif_fm_0_vco_clk_2'
Slack : 0.132
TNS   : 0.000
Corner: Slow vid2 100C Model

Type  : Minimum Pulse Width 'inst_ddr4|emif_fm_0_vco_clk_3'
Slack : 0.132
TNS   : 0.000
Corner: Slow vid2 100C Model

Type  : Minimum Pulse Width 'inst_ddr4|emif_fm_0_wf_clk_11'
Slack : 0.189
TNS   : 0.000
Corner: Slow vid2 100C Model

Type  : Minimum Pulse Width 'inst_ddr4|emif_fm_0_wf_clk_3'
Slack : 0.189
TNS   : 0.000
Corner: Slow vid2 100C Model

Type  : Minimum Pulse Width 'inst_ddr4|emif_fm_0_wf_clk_4'
Slack : 0.189
TNS   : 0.000
Corner: Slow vid2 100C Model

Type  : Minimum Pulse Width 'inst_ddr4|emif_fm_0_wf_clk_7'
Slack : 0.189
TNS   : 0.000
Corner: Slow vid2 100C Model

Type  : Minimum Pulse Width 'inst_ddr4|emif_fm_0_wf_clk_1'
Slack : 0.190
TNS   : 0.000
Corner: Slow vid2 100C Model

Type  : Minimum Pulse Width 'inst_ddr4|emif_fm_0_wf_clk_12'
Slack : 0.190
TNS   : 0.000
Corner: Slow vid2 100C Model

Type  : Minimum Pulse Width 'inst_ddr4|emif_fm_0_wf_clk_2'
Slack : 0.190
TNS   : 0.000
Corner: Slow vid2 100C Model

Type  : Minimum Pulse Width 'inst_ddr4|emif_fm_0_wf_clk_5'
Slack : 0.190
TNS   : 0.000
Corner: Slow vid2 100C Model

Type  : Minimum Pulse Width 'inst_ddr4|emif_fm_0_wf_clk_6'
Slack : 0.190
TNS   : 0.000
Corner: Slow vid2 100C Model

Type  : Minimum Pulse Width 'inst_ddr4|emif_fm_0_wf_clk_8'
Slack : 0.190
TNS   : 0.000
Corner: Slow vid2 100C Model

Type  : Minimum Pulse Width 'inst_ddr4|emif_fm_0_wf_clk_0'
Slack : 0.191
TNS   : 0.000
Corner: Slow vid2 100C Model

Type  : Minimum Pulse Width 'inst_ddr4|emif_fm_0_wf_clk_10'
Slack : 0.191
TNS   : 0.000
Corner: Slow vid2 100C Model

Type  : Minimum Pulse Width 'inst_ddr4|emif_fm_0_wf_clk_9'
Slack : 0.191
TNS   : 0.000
Corner: Slow vid2 100C Model

Type  : Minimum Pulse Width 'ddr4_dqs_p[0]_IN'
Slack : 0.248
TNS   : 0.000
Corner: Slow vid2 100C Model

Type  : Minimum Pulse Width 'ddr4_dqs_p[1]_IN'
Slack : 0.248
TNS   : 0.000
Corner: Slow vid2 100C Model

Type  : Minimum Pulse Width 'ddr4_dqs_p[4]_IN'
Slack : 0.248
TNS   : 0.000
Corner: Slow vid2 100C Model

Type  : Minimum Pulse Width 'ddr4_dqs_p[8]_IN'
Slack : 0.248
TNS   : 0.000
Corner: Slow vid2 100C Model

Type  : Minimum Pulse Width 'ddr4_dqs_p[2]_IN'
Slack : 0.249
TNS   : 0.000
Corner: Slow vid2 100C Model

Type  : Minimum Pulse Width 'ddr4_dqs_p[3]_IN'
Slack : 0.249
TNS   : 0.000
Corner: Slow vid2 100C Model

Type  : Minimum Pulse Width 'ddr4_dqs_p[5]_IN'
Slack : 0.249
TNS   : 0.000
Corner: Slow vid2 100C Model

Type  : Minimum Pulse Width 'ddr4_dqs_p[6]_IN'
Slack : 0.249
TNS   : 0.000
Corner: Slow vid2 100C Model

Type  : Minimum Pulse Width 'ddr4_dqs_p[7]_IN'
Slack : 0.249
TNS   : 0.000
Corner: Slow vid2 100C Model

Type  : Minimum Pulse Width 'inst_ddr4|emif_fm_0_phy_clk_0'
Slack : 0.451
TNS   : 0.000
Corner: Slow vid2 100C Model

Type  : Minimum Pulse Width 'inst_ddr4|emif_fm_0_phy_clk_1'
Slack : 0.522
TNS   : 0.000
Corner: Slow vid2 100C Model

Type  : Minimum Pulse Width 'inst_ddr4|emif_fm_0_phy_clk_2'
Slack : 0.522
TNS   : 0.000
Corner: Slow vid2 100C Model

Type  : Minimum Pulse Width 'inst_ddr4|emif_fm_0_phy_clk_3'
Slack : 0.526
TNS   : 0.000
Corner: Slow vid2 100C Model

Type  : Minimum Pulse Width 'inst_ddr4|emif_fm_0_core_usr_clk'
Slack : 0.911
TNS   : 0.000
Corner: Slow vid2 100C Model

Type  : Minimum Pulse Width 'inst_ddr4|emif_fm_0_phy_clk_l_0'
Slack : 1.294
TNS   : 0.000
Corner: Slow vid2 100C Model

Type  : Minimum Pulse Width 'clocks|iopll_0_outclk0'
Slack : 1.575
TNS   : 0.000
Corner: Slow vid2b 100C Model

Type  : Minimum Pulse Width 'clocks|iopll_0_refclk'
Slack : 4.317
TNS   : 0.000
Corner: Slow vid2 100C Model

Type  : Minimum Pulse Width 'inst_ddr4|emif_fm_0_ref_clock'
Slack : 14.162
TNS   : 0.000
Corner: Slow vid2 100C Model

Type  : Minimum Pulse Width 'clocks|iopll_0_n_cnt_clk'
Slack : 19.753
TNS   : 0.000
Corner: Slow vid2 100C Model

Type  : Minimum Pulse Width 'clocks|iopll_0_m_cnt_clk'
Slack : 3599.905
TNS   : 0.000
Corner: Slow vid2 100C Model

Type  : Slow vid2 100C Model Max Skew 'set_max_skew'
Slack : 2.296

Type  : Slow vid2 100C Model Max Skew 'set_max_skew'
Slack : 2.330

Type  : Slow vid2 100C Model Max Skew 'set_max_skew'
Slack : 3.153

Type  : Slow vid2 100C Model Max Skew 'set_max_skew'
Slack : 3.186

Type  : Slow vid2b 100C Model Max Skew 'set_max_skew'
Slack : 2.301

Type  : Slow vid2b 100C Model Max Skew 'set_max_skew'
Slack : 2.333

Type  : Slow vid2b 100C Model Max Skew 'set_max_skew'
Slack : 3.155

Type  : Slow vid2b 100C Model Max Skew 'set_max_skew'
Slack : 3.188

Type  : Fast vid2a 0C Model Max Skew 'set_max_skew'
Slack : 2.380

Type  : Fast vid2a 0C Model Max Skew 'set_max_skew'
Slack : 2.415

Type  : Fast vid2a 0C Model Max Skew 'set_max_skew'
Slack : 3.236

Type  : Fast vid2a 0C Model Max Skew 'set_max_skew'
Slack : 3.258

Type  : Fast vid2a 100C Model Max Skew 'set_max_skew'
Slack : 2.350

Type  : Fast vid2a 100C Model Max Skew 'set_max_skew'
Slack : 2.391

Type  : Fast vid2a 100C Model Max Skew 'set_max_skew'
Slack : 3.207

Type  : Fast vid2a 100C Model Max Skew 'set_max_skew'
Slack : 3.225

Type  : Fast vid2 100C Model Max Skew 'set_max_skew'
Slack : 2.346

Type  : Fast vid2 100C Model Max Skew 'set_max_skew'
Slack : 2.391

Type  : Fast vid2 100C Model Max Skew 'set_max_skew'
Slack : 3.208

Type  : Fast vid2 100C Model Max Skew 'set_max_skew'
Slack : 3.224

Type  : Net Delay 'set_net_delay'
Slack : 2.336

Type  : Net Delay 'set_net_delay'
Slack : 2.370

------------------------------------------------------------
Info: see the "DDR report" for DDR timing results
------------------------------------------------------------
------------------------------------------------------------
